// Jest Snapshot v1, https://goo.gl/fbAQLP

exports[`renders a snapshot 1`] = `
.c0 {
  display: flex;
  justify-content: left;
  flex-wrap: nowrap;
}

<div
  align="left"
  className="c0"
>
  Foo
</div>
`;
