// Jest Snapshot v1, https://goo.gl/fbAQLP

exports[`renders a snapshot 1`] = `
.c0 {
  display: grid;
  grid-template-columns: repeat(auto-fill, minmax(1rem, 1fr));
  grid-column-gap: 1rem;
  grid-row-gap: 1rem;
  margin-bottom: 1rem;
}

<div
  className="c0"
  columnWidth="1rem"
  gap="1rem"
/>
`;
