// Jest Snapshot v1, https://goo.gl/fbAQLP

exports[`renders a snapshot 1`] = `
.c0 {
  vertical-align: middle;
  margin-right: 9px;
}

<Icon
  className="c0"
  icon="add"
/>
`;
