// Jest Snapshot v1, https://goo.gl/fbAQLP

exports[`renders a snapshot 1`] = `
.c0 {
  font-family: 'Roboto Mono',Menlo,Monaco,Consolas,'Courier New',monospace;
}

<span
  className="c0"
>
  Foo
</span>
`;
