// Jest Snapshot v1, https://goo.gl/fbAQLP

exports[`renders a snapshot 1`] = `
.c0 {
  font-size: 16px;
  font-family: Lato,sans-serif;
  line-height: 1.5;
  font-size: 36px;
}

.c0 a {
  text-decoration: none;
  font-weight: bold;
}

.c1 {
  font-size: 2.25em;
}

@media (min-width: 400px) {
  .c0 {
    font-size: calc(14.67px + 0.33vw);
  }
}

@media (min-width: 1000px) {
  .c0 {
    font-size: 18px;
  }
}

@media (min-width: 400px) {
  .c0 {
    font-size: calc(28.00px + 2.00vw);
  }
}

@media (min-width: 1000px) {
  .c0 {
    font-size: 48px;
  }
}

<h1
  className="c0 c1 "
>
  Foo
</h1>
`;
