// Jest Snapshot v1, https://goo.gl/fbAQLP

exports[`renders a snapshot 1`] = `
.c0 {
  padding: 1.5rem 2.25rem;
  width: 11.3906rem;
  height: 11.3906rem;
}

.c1 {
  padding: 0.75em 1.125em 0.75em 1.125em;
  width: auto;
  height: auto;
}

<Panel
  className="c0 c1"
>
  Foo
</Panel>
`;
