// Jest Snapshot v1, https://goo.gl/fbAQLP

exports[`renders a snapshot 1`] = `
<styled.div>
  <Styled(Styled(styled.p))
    as="input"
    value="Foo"
  />
</styled.div>
`;
