// Jest Snapshot v1, https://goo.gl/fbAQLP

exports[`renders a snapshot 1`] = `
.c0 {
  padding: 1.5rem 2.25rem;
  width: 11.3906rem;
  height: 11.3906rem;
}

<Panel
  className="c0"
>
  Foo
</Panel>
`;
