// Jest Snapshot v1, https://goo.gl/fbAQLP

exports[`renders a snapshot 1`] = `
<styled.div>
  <Styled(Panel)
    onClick={[Function]}
  >
    <Styled(Styled(styled.p))
      as="h3"
    >
      Foo
    </Styled(Styled(styled.p))>
    <styled.div>
      <Icon />
    </styled.div>
  </Styled(Panel)>
</styled.div>
`;
