// Jest Snapshot v1, https://goo.gl/fbAQLP

exports[`renders a snapshot 1`] = `
.c0 {
  transition: max-height 0.25s 0s ease-in-out,margin-bottom 0.25s 0s ease-in-out,padding 0.25s 0s ease-in-out,opacity 0.25s 0.25s ease-in-out;
  max-height: 500px;
  margin-bottom: 1.494rem;
  padding: 2rem;
  opacity: 1;
  pointer-events: auto;
}

<div
  className="c0"
  type="info"
>
  Foo
</div>
`;
