// Jest Snapshot v1, https://goo.gl/fbAQLP

exports[`renders a snapshot 1`] = `
<Section
  as="div"
  border={true}
  dark={true}
  paddingBottom="1.175rem"
  paddingTop="1.175rem"
>
  <styled.footer>
    <styled.div>
      <Styled(Styled(styled.p))>
        Powered by 
        <MyCryptoLogo />
      </Styled(Styled(styled.p))>
    </styled.div>
    <styled.div>
      <Connect(ThemeProvider) />
    </styled.div>
    <styled.div>
      <styled.div>
        <Styled(Styled(styled.p))>
          Made by Maarten Zuidhoorn 
          <GitHubIcon />
        </Styled(Styled(styled.p))>
        <Donate />
      </styled.div>
    </styled.div>
  </styled.footer>
</Section>
`;
