// Jest Snapshot v1, https://goo.gl/fbAQLP

exports[`renders a snapshot 1`] = `
.c0 {
  display: flex;
  flex-direction: column;
  flex-grow: 1;
}

<div
  className="c0"
>
  Foo
</div>
`;
