// Jest Snapshot v1, https://goo.gl/fbAQLP

exports[`renders a snapshot 1`] = `
.c0 {
  margin-top: 18px;
  font-size: 1rem;
  color: white;
}

.c0:hover {
  cursor: pointer;
}

<Button
  className="c0"
>
  Foo
</Button>
`;
